// Jest Snapshot v1, https://goo.gl/fbAQLP

exports[`Pruebas en el componente <SearchPage/> Debe de mostrar correctamente con valores por defecto 1`] = `
<div>
  <h1>
    Buscar
  </h1>
  <hr />
  <div
    class="row"
  >
    <div
      class="col-5"
    >
      <h4>
        Buscar heroe
      </h4>
      <hr />
      <form>
        <input
          autocomplete="off"
          class="form-control"
          name="searchText"
          placeholder="Buscar un heroe"
          type="text"
          value=""
        />
        <button
          class="btn btn-outline-primary mt-3"
        >
          Buscar
        </button>
      </form>
    </div>
    <div
      class="col-7"
    >
      <h4>
        Resultados
      </h4>
      <hr />
      <div
        class="alert alert-primary animate__animated animate__fadeIn"
      >
        Buscar un heroe
      </div>
      <div
        aria-label="alert-danger"
        class="alert alert-danger animate__animated animate__fadeIn"
        style="display: none;"
      >
        No hay resultados para 
        <b />
      </div>
    </div>
  </div>
</div>
`;
